<?xml version="1.0" encoding="UTF-8"?>
<testsuites>
	<testsuite name="TestHuman-20250227143803" tests="3" file=".py" time="0.000" timestamp="2025-02-27T14:38:03" failures="0" errors="0" skipped="0">
		<testcase classname="TestHuman" name="test_get_age" time="0.000" timestamp="2025-02-27T14:38:03" file="Desktop\Proj\pppi_unittest\TestHuman.py" line="18"/>
		<testcase classname="TestHuman" name="test_get_name" time="0.000" timestamp="2025-02-27T14:38:03" file="Desktop\Proj\pppi_unittest\TestHuman.py" line="13"/>
		<testcase classname="TestHuman" name="test_get_surname" time="0.000" timestamp="2025-02-27T14:38:03" file="Desktop\Proj\pppi_unittest\TestHuman.py" line="15"/>
	</testsuite>
</testsuites>
